Archive member included to satisfy reference by file (symbol)

C:/ST/STM32CubeCLT_1.16.0/GNU-tools-for-STM32/bin/../lib/gcc/arm-none-eabi/12.3.1/../../../../arm-none-eabi/lib/thumb/v7e-m+fp/hard\libc.a(libc_a-exit.o)
                              C:/ST/STM32CubeCLT_1.16.0/GNU-tools-for-STM32/bin/../lib/gcc/arm-none-eabi/12.3.1/../../../../arm-none-eabi/lib/thumb/v7e-m+fp/hard/crt0.o (exit)
C:/ST/STM32CubeCLT_1.16.0/GNU-tools-for-STM32/bin/../lib/gcc/arm-none-eabi/12.3.1/../../../../arm-none-eabi/lib/thumb/v7e-m+fp/hard\libc.a(libc_a-findfp.o)
                              C:/ST/STM32CubeCLT_1.16.0/GNU-tools-for-STM32/bin/../lib/gcc/arm-none-eabi/12.3.1/../../../../arm-none-eabi/lib/thumb/v7e-m+fp/hard\libc.a(libc_a-exit.o) (__stdio_exit_handler)
C:/ST/STM32CubeCLT_1.16.0/GNU-tools-for-STM32/bin/../lib/gcc/arm-none-eabi/12.3.1/../../../../arm-none-eabi/lib/thumb/v7e-m+fp/hard\libc.a(libc_a-fwalk.o)
                              C:/ST/STM32CubeCLT_1.16.0/GNU-tools-for-STM32/bin/../lib/gcc/arm-none-eabi/12.3.1/../../../../arm-none-eabi/lib/thumb/v7e-m+fp/hard\libc.a(libc_a-findfp.o) (_fwalk_sglue)
C:/ST/STM32CubeCLT_1.16.0/GNU-tools-for-STM32/bin/../lib/gcc/arm-none-eabi/12.3.1/../../../../arm-none-eabi/lib/thumb/v7e-m+fp/hard\libc.a(libc_a-stdio.o)
                              C:/ST/STM32CubeCLT_1.16.0/GNU-tools-for-STM32/bin/../lib/gcc/arm-none-eabi/12.3.1/../../../../arm-none-eabi/lib/thumb/v7e-m+fp/hard\libc.a(libc_a-findfp.o) (__sread)
C:/ST/STM32CubeCLT_1.16.0/GNU-tools-for-STM32/bin/../lib/gcc/arm-none-eabi/12.3.1/../../../../arm-none-eabi/lib/thumb/v7e-m+fp/hard\libc.a(libc_a-memset.o)
                              C:/ST/STM32CubeCLT_1.16.0/GNU-tools-for-STM32/bin/../lib/gcc/arm-none-eabi/12.3.1/../../../../arm-none-eabi/lib/thumb/v7e-m+fp/hard/crt0.o (memset)
C:/ST/STM32CubeCLT_1.16.0/GNU-tools-for-STM32/bin/../lib/gcc/arm-none-eabi/12.3.1/../../../../arm-none-eabi/lib/thumb/v7e-m+fp/hard\libc.a(libc_a-closer.o)
                              C:/ST/STM32CubeCLT_1.16.0/GNU-tools-for-STM32/bin/../lib/gcc/arm-none-eabi/12.3.1/../../../../arm-none-eabi/lib/thumb/v7e-m+fp/hard\libc.a(libc_a-stdio.o) (_close_r)
C:/ST/STM32CubeCLT_1.16.0/GNU-tools-for-STM32/bin/../lib/gcc/arm-none-eabi/12.3.1/../../../../arm-none-eabi/lib/thumb/v7e-m+fp/hard\libc.a(libc_a-reent.o)
                              C:/ST/STM32CubeCLT_1.16.0/GNU-tools-for-STM32/bin/../lib/gcc/arm-none-eabi/12.3.1/../../../../arm-none-eabi/lib/thumb/v7e-m+fp/hard\libc.a(libc_a-closer.o) (errno)
C:/ST/STM32CubeCLT_1.16.0/GNU-tools-for-STM32/bin/../lib/gcc/arm-none-eabi/12.3.1/../../../../arm-none-eabi/lib/thumb/v7e-m+fp/hard\libc.a(libc_a-impure.o)
                              C:/ST/STM32CubeCLT_1.16.0/GNU-tools-for-STM32/bin/../lib/gcc/arm-none-eabi/12.3.1/../../../../arm-none-eabi/lib/thumb/v7e-m+fp/hard\libc.a(libc_a-reent.o) (_impure_ptr)
C:/ST/STM32CubeCLT_1.16.0/GNU-tools-for-STM32/bin/../lib/gcc/arm-none-eabi/12.3.1/../../../../arm-none-eabi/lib/thumb/v7e-m+fp/hard\libc.a(libc_a-lseekr.o)
                              C:/ST/STM32CubeCLT_1.16.0/GNU-tools-for-STM32/bin/../lib/gcc/arm-none-eabi/12.3.1/../../../../arm-none-eabi/lib/thumb/v7e-m+fp/hard\libc.a(libc_a-stdio.o) (_lseek_r)
C:/ST/STM32CubeCLT_1.16.0/GNU-tools-for-STM32/bin/../lib/gcc/arm-none-eabi/12.3.1/../../../../arm-none-eabi/lib/thumb/v7e-m+fp/hard\libc.a(libc_a-readr.o)
                              C:/ST/STM32CubeCLT_1.16.0/GNU-tools-for-STM32/bin/../lib/gcc/arm-none-eabi/12.3.1/../../../../arm-none-eabi/lib/thumb/v7e-m+fp/hard\libc.a(libc_a-stdio.o) (_read_r)
C:/ST/STM32CubeCLT_1.16.0/GNU-tools-for-STM32/bin/../lib/gcc/arm-none-eabi/12.3.1/../../../../arm-none-eabi/lib/thumb/v7e-m+fp/hard\libc.a(libc_a-writer.o)
                              C:/ST/STM32CubeCLT_1.16.0/GNU-tools-for-STM32/bin/../lib/gcc/arm-none-eabi/12.3.1/../../../../arm-none-eabi/lib/thumb/v7e-m+fp/hard\libc.a(libc_a-stdio.o) (_write_r)
C:/ST/STM32CubeCLT_1.16.0/GNU-tools-for-STM32/bin/../lib/gcc/arm-none-eabi/12.3.1/../../../../arm-none-eabi/lib/thumb/v7e-m+fp/hard\libc.a(libc_a-init.o)
                              C:/ST/STM32CubeCLT_1.16.0/GNU-tools-for-STM32/bin/../lib/gcc/arm-none-eabi/12.3.1/../../../../arm-none-eabi/lib/thumb/v7e-m+fp/hard/crt0.o (__libc_init_array)
C:/ST/STM32CubeCLT_1.16.0/GNU-tools-for-STM32/bin/../lib/gcc/arm-none-eabi/12.3.1/../../../../arm-none-eabi/lib/thumb/v7e-m+fp/hard\libc.a(libc_a-lock.o)
                              C:/ST/STM32CubeCLT_1.16.0/GNU-tools-for-STM32/bin/../lib/gcc/arm-none-eabi/12.3.1/../../../../arm-none-eabi/lib/thumb/v7e-m+fp/hard\libc.a(libc_a-findfp.o) (__retarget_lock_init_recursive)
C:/ST/STM32CubeCLT_1.16.0/GNU-tools-for-STM32/bin/../lib/gcc/arm-none-eabi/12.3.1/../../../../arm-none-eabi/lib/thumb/v7e-m+fp/hard\libc.a(libc_a-__call_atexit.o)
[...]
Memory Configuration

Name             Origin             Length             Attributes
SRAM2            0x10000000         0x00008000         xrw
RAM              0x20000000         0x00018000         xrw
FLASH            0x08000000         0x00100000         xr
*default*        0x00000000         0xffffffff

Linker script and memory map

LOAD C:/ST/STM32CubeCLT_1.16.0/GNU-tools-for-STM32/bin/../lib/gcc/arm-none-eabi/12.3.1/thumb/v7e-m+fp/hard/crti.o
LOAD C:/ST/STM32CubeCLT_1.16.0/GNU-tools-for-STM32/bin/../lib/gcc/arm-none-eabi/12.3.1/thumb/v7e-m+fp/hard/crtbegin.o
LOAD C:/ST/STM32CubeCLT_1.16.0/GNU-tools-for-STM32/bin/../lib/gcc/arm-none-eabi/12.3.1/../../../../arm-none-eabi/lib/thumb/v7e-m+fp/hard/crt0.o
START GROUP
LOAD C:/ST/STM32CubeCLT_1.16.0/GNU-tools-for-STM32/bin/../lib/gcc/arm-none-eabi/12.3.1/../../../../arm-none-eabi/lib/thumb/v7e-m+fp/hard\libc.a
LOAD C:/ST/STM32CubeCLT_1.16.0/GNU-tools-for-STM32/bin/../lib/gcc/arm-none-eabi/12.3.1/../../../../arm-none-eabi/lib/thumb/v7e-m+fp/hard\libm.a
LOAD C:/ST/STM32CubeCLT_1.16.0/GNU-tools-for-STM32/bin/../lib/gcc/arm-none-eabi/12.3.1/../../../../arm-none-eabi/lib/thumb/v7e-m+fp/hard\libstdc++.a
LOAD C:/ST/STM32CubeCLT_1.16.0/GNU-tools-for-STM32/bin/../lib/gcc/arm-none-eabi/12.3.1/../../../../arm-none-eabi/lib/thumb/v7e-m+fp/hard\libsupc++.a
END GROUP
LOAD CMakeFiles/09_leds_sec-1.dir/Core/Src/main.c.obj
LOAD CMakeFiles/09_leds_sec-1.dir/Core/Src/syscall.c.obj
LOAD CMakeFiles/09_leds_sec-1.dir/Core/Src/sysmem.c.obj
LOAD CMakeFiles/09_leds_sec-1.dir/Startup/startup_stm32l476rgtx.s.obj
LOAD CMakeFiles/09_leds_sec-1.dir/Drivers/Src/stm32l4xx_my_rcc.c.obj
LOAD CMakeFiles/09_leds_sec-1.dir/Drivers/Src/stm32l4xx_my_systick.c.obj
LOAD CMakeFiles/09_leds_sec-1.dir/Drivers/Src/stm32l4xx_my_gpio.c.obj
START GROUP
LOAD C:/ST/STM32CubeCLT_1.16.0/GNU-tools-for-STM32/bin/../lib/gcc/arm-none-eabi/12.3.1/thumb/v7e-m+fp/hard\libgcc.a
LOAD C:/ST/STM32CubeCLT_1.16.0/GNU-tools-for-STM32/bin/../lib/gcc/arm-none-eabi/12.3.1/../../../../arm-none-eabi/lib/thumb/v7e-m+fp/hard\libg.a
LOAD C:/ST/STM32CubeCLT_1.16.0/GNU-tools-for-STM32/bin/../lib/gcc/arm-none-eabi/12.3.1/../../../../arm-none-eabi/lib/thumb/v7e-m+fp/hard\libc.a
END GROUP
START GROUP
LOAD C:/ST/STM32CubeCLT_1.16.0/GNU-tools-for-STM32/bin/../lib/gcc/arm-none-eabi/12.3.1/thumb/v7e-m+fp/hard\libgcc.a
LOAD C:/ST/STM32CubeCLT_1.16.0/GNU-tools-for-STM32/bin/../lib/gcc/arm-none-eabi/12.3.1/../../../../arm-none-eabi/lib/thumb/v7e-m+fp/hard\libc.a
LOAD C:/ST/STM32CubeCLT_1.16.0/GNU-tools-for-STM32/bin/../lib/gcc/arm-none-eabi/12.3.1/../../../../arm-none-eabi/lib/thumb/v7e-m+fp/hard\libnosys.a
END GROUP
LOAD C:/ST/STM32CubeCLT_1.16.0/GNU-tools-for-STM32/bin/../lib/gcc/arm-none-eabi/12.3.1/thumb/v7e-m+fp/hard/crtend.o
LOAD C:/ST/STM32CubeCLT_1.16.0/GNU-tools-for-STM32/bin/../lib/gcc/arm-none-eabi/12.3.1/thumb/v7e-m+fp/hard/crtn.o
                0x20018000                        _estack = (ORIGIN (RAM) + LENGTH (RAM))
                0x00000200                        _Min_Heap_Size = 0x200
                0x00000400                        _Min_Stack_Size = 0x400

.isr_vector     0x08000000      0x184
                0x08000000                        . = ALIGN (0x4)
 *(.isr_vector)
 .isr_vector    0x08000000      0x184 CMakeFiles/09_leds_sec-1.dir/Startup/startup_stm32l476rgtx.s.obj
                0x08000000                g_pfnVectors
                0x08000184                        . = ALIGN (0x4)

.text           0x08000184      0x2ec
                0x08000184                        . = ALIGN (0x4)
 *(.text)
 .text          0x08000184       0x40 C:/ST/STM32CubeCLT_1.16.0/GNU-tools-for-STM32/bin/../lib/gcc/arm-none-eabi/12.3.1/thumb/v7e-m+fp/hard/crtbegin.o
 *(.text*)
 .text.__libc_init_array
                0x080001c4       0x48 C:/ST/STM32CubeCLT_1.16.0/GNU-tools-for-STM32/bin/../lib/gcc/arm-none-eabi/12.3.1/../../../../arm-none-eabi/lib/thumb/v7e-m+fp/hard\libc.a(libc_a-init.o)
                0x080001c4                __libc_init_array
 .text.__retarget_lock_acquire_recursive
                0x0800020c        0x2 C:/ST/STM32CubeCLT_1.16.0/GNU-tools-for-STM32/bin/../lib/gcc/arm-none-eabi/12.3.1/../../../../arm-none-eabi/lib/thumb/v7e-m+fp/hard\libc.a(libc_a-lock.o)
                0x0800020c                __retarget_lock_acquire_recursive
 .text.__retarget_lock_release_recursive
                0x0800020e        0x2 C:/ST/STM32CubeCLT_1.16.0/GNU-tools-for-STM32/bin/../lib/gcc/arm-none-eabi/12.3.1/../../../../arm-none-eabi/lib/thumb/v7e-m+fp/hard\libc.a(libc_a-lock.o)
                0x0800020e                __retarget_lock_release_recursive
 .text.startup.register_fini
                0x08000210       0x14 C:/ST/STM32CubeCLT_1.16.0/GNU-tools-for-STM32/bin/../lib/gcc/arm-none-eabi/12.3.1/../../../../arm-none-eabi/lib/thumb/v7e-m+fp/hard\libc.a(libc_a-__call_atexit.o)
 .text.atexit   0x08000224        0xc C:/ST/STM32CubeCLT_1.16.0/GNU-tools-for-STM32/bin/../lib/gcc/arm-none-eabi/12.3.1/../../../../arm-none-eabi/lib/thumb/v7e-m+fp/hard\libc.a(libc_a-atexit.o)
                0x08000224                atexit
 .text.__libc_fini_array
                0x08000230       0x28 C:/ST/STM32CubeCLT_1.16.0/GNU-tools-for-STM32/bin/../lib/gcc/arm-none-eabi/12.3.1/../../../../arm-none-eabi/lib/thumb/v7e-m+fp/hard\libc.a(libc_a-fini.o)
                0x08000230                __libc_fini_array
 .text.__register_exitproc
                0x08000258       0x80 C:/ST/STM32CubeCLT_1.16.0/GNU-tools-for-STM32/bin/../lib/gcc/arm-none-eabi/12.3.1/../../../../arm-none-eabi/lib/thumb/v7e-m+fp/hard\libc.a(libc_a-__atexit.o)
                0x08000258                __register_exitproc
 .text.delay_ms
                0x080002d8       0x26 CMakeFiles/09_leds_sec-1.dir/Core/Src/main.c.obj
                0x080002d8                delay_ms
 *fill*         0x080002fe        0x2 
 .text.main     0x08000300       0x84 CMakeFiles/09_leds_sec-1.dir/Core/Src/main.c.obj
                0x08000300                main
 .text.Reset_Handler
                0x08000384       0x50 CMakeFiles/09_leds_sec-1.dir/Startup/startup_stm32l476rgtx.s.obj
                0x08000384                Reset_Handler
 .text.Default_Handler
                0x080003d4        0x2 CMakeFiles/09_leds_sec-1.dir/Startup/startup_stm32l476rgtx.s.obj
                0x080003d4                EXTI2_IRQHandler
                0x080003d4                TIM8_TRG_COM_IRQHandler
                0x080003d4                TIM8_CC_IRQHandler
                0x080003d4                DMA1_CH4_IRQHandler
                0x080003d4                TIM1_CC_IRQHandler
                0x080003d4                TSC_IRQHandler
                0x080003d4                HardFault_Handler
                0x080003d4                TAMP_STAMP_IRQHandler
                0x080003d4                PendSV_Handler
                0x080003d4                NMI_Handler
                0x080003d4                EXTI3_IRQHandler
                0x080003d4                LPTIM2_IRQHandler
                0x080003d4                DFSDM1_FLT1_IRQHandler
                0x080003d4                I2C3_ER_IRQHandler
                0x080003d4                DFSDM1_FLT2_IRQHandler
                0x080003d4                TIM6_DACUNDER_IRQHandler
                0x080003d4                EXTI0_IRQHandler
                0x080003d4                I2C2_EV_IRQHandler
                0x080003d4                DMA2_CH1_IRQHandler
                0x080003d4                CAN1_RX0_IRQHandler
                0x080003d4                TIM1_UP_TIM16_IRQHandler
                0x080003d4                DMA2_CH7_IRQHandler
                0x080003d4                UsageFault_Handler
                0x080003d4                ADC1_2_IRQHandler
                0x080003d4                SPI1_IRQHandler
                0x080003d4                DMA1_CH7_IRQHandler
                0x080003d4                TIM8_UP_IRQHandler
                0x080003d4                RTC_ALARM_IRQHandler
                0x080003d4                SAI2_IRQHandler
                0x080003d4                DFSDM1_FLT3_IRQHandler
                0x080003d4                DMA1_CH6_IRQHandler
                0x080003d4                USART3_IRQHandler
                0x080003d4                CAN1_RX1_IRQHandler
                0x080003d4                LCD_IRQHandler
                0x080003d4                UART5_IRQHandler
                0x080003d4                ADC3_IRQHandler
                0x080003d4                TIM4_IRQHandler
                0x080003d4                QUADSPI_IRQHandler
                0x080003d4                I2C1_EV_IRQHandler
                0x080003d4                DMA2_CH5_IRQHandler
                0x080003d4                UART4_IRQHandler
                0x080003d4                DMA1_CH3_IRQHandler
                0x080003d4                TIM3_IRQHandler
                0x080003d4                RCC_IRQHandler
                0x080003d4                Default_Handler
                0x080003d4                EXTI15_10_IRQHandler
                0x080003d4                TIM7_IRQHandler
                0x080003d4                SDMMC1_IRQHandler
                0x080003d4                TIM5_IRQHandler
                0x080003d4                I2C3_EV_IRQHandler
                0x080003d4                EXTI9_5_IRQHandler
                0x080003d4                DMA1_CH2_IRQHandler
                0x080003d4                RTC_WKUP_IRQHandler
                0x080003d4                PVD_PVM_IRQHandler
                0x080003d4                SPI2_IRQHandler
                0x080003d4                DMA1_CH1_IRQHandler
                0x080003d4                MemManage_Handler
                0x080003d4                CAN1_TX_IRQHandler
                0x080003d4                SVC_Handler
                0x080003d4                EXTI4_IRQHandler
                0x080003d4                RNG_IRQHandler
                0x080003d4                TIM1_TRG_COM_TIM17_IRQHandler
                0x080003d4                COMP_IRQHandler
                0x080003d4                WWDG_IRQHandler
                0x080003d4                LPUART1_IRQHandler
                0x080003d4                TIM2_IRQHandler
                0x080003d4                EXTI1_IRQHandler
                0x080003d4                AES_IRQHandler
                0x080003d4                USART2_IRQHandler
                0x080003d4                DFSDM1_FLT0_IRQHandler
                0x080003d4                I2C2_ER_IRQHandler
                0x080003d4                TIM8_BRK_IRQHandler
                0x080003d4                CAN1_SCE_IRQHandler
                0x080003d4                FLASH_IRQHandler
                0x080003d4                BusFault_Handler
                0x080003d4                USART1_IRQHandler
                0x080003d4                OTG_FS_IRQHandler
                0x080003d4                SPI3_IRQHandler
                0x080003d4                DMA2_CH6_IRQHandler
                0x080003d4                DMA2_CH3_IRQHandler
                0x080003d4                DMA2_CH2_IRQHandler
                0x080003d4                I2C1_ER_IRQHandler
                0x080003d4                FMC_IRQHandler
                0x080003d4                DMA1_CH5_IRQHandler
                0x080003d4                DMA2_CH4_IRQHandler
                0x080003d4                SWPMI1_IRQHandler
                0x080003d4                LPTIM1_IRQHandler
                0x080003d4                SAI1_IRQHandler
                0x080003d4                TIM1_BRK_TIM15_IRQHandler
 *fill*         0x080003d6        0x2 
 .text.RCC_EnableAHB2
                0x080003d8       0x10 CMakeFiles/09_leds_sec-1.dir/Drivers/Src/stm32l4xx_my_rcc.c.obj
                0x080003d8                RCC_EnableAHB2
 .text.SysTick_Handler
                0x080003e8       0x10 CMakeFiles/09_leds_sec-1.dir/Drivers/Src/stm32l4xx_my_systick.c.obj
                0x080003e8                SysTick_Handler
 .text.GPIO_SetPinAsOutput
                0x080003f8       0x1a CMakeFiles/09_leds_sec-1.dir/Drivers/Src/stm32l4xx_my_gpio.c.obj
                0x080003f8                GPIO_SetPinAsOutput
 .text.GPIO_SetPin
                0x08000412        0xc CMakeFiles/09_leds_sec-1.dir/Drivers/Src/stm32l4xx_my_gpio.c.obj
                0x08000412                GPIO_SetPin
 .text.GPIO_ClearPin
                0x0800041e        0xe CMakeFiles/09_leds_sec-1.dir/Drivers/Src/stm32l4xx_my_gpio.c.obj
                0x0800041e                GPIO_ClearPin
 .text.GPIO_SetPinAsInput
                0x0800042c       0x10 CMakeFiles/09_leds_sec-1.dir/Drivers/Src/stm32l4xx_my_gpio.c.obj
                0x0800042c                GPIO_SetPinAsInput
 .text.GPIO_EnablePullUp
                0x0800043c       0x1a CMakeFiles/09_leds_sec-1.dir/Drivers/Src/stm32l4xx_my_gpio.c.obj
                0x0800043c                GPIO_EnablePullUp
 *(.glue_7)
 .glue_7        0x08000456        0x0 linker stubs
 *(.glue_7t)
 .glue_7t       0x08000456        0x0 linker stubs
 *(.eh_frame)
 *fill*         0x08000456        0x2 
 .eh_frame      0x08000458        0x0 C:/ST/STM32CubeCLT_1.16.0/GNU-tools-for-STM32/bin/../lib/gcc/arm-none-eabi/12.3.1/thumb/v7e-m+fp/hard/crtbegin.o
 *(.init)
 .init          0x08000458        0x4 C:/ST/STM32CubeCLT_1.16.0/GNU-tools-for-STM32/bin/../lib/gcc/arm-none-eabi/12.3.1/thumb/v7e-m+fp/hard/crti.o
                0x08000458                _init
 .init          0x0800045c        0x8 C:/ST/STM32CubeCLT_1.16.0/GNU-tools-for-STM32/bin/../lib/gcc/arm-none-eabi/12.3.1/thumb/v7e-m+fp/hard/crtn.o
 *(.fini)
 .fini          0x08000464        0x4 C:/ST/STM32CubeCLT_1.16.0/GNU-tools-for-STM32/bin/../lib/gcc/arm-none-eabi/12.3.1/thumb/v7e-m+fp/hard/crti.o
                0x08000464                _fini
 .fini          0x08000468        0x8 C:/ST/STM32CubeCLT_1.16.0/GNU-tools-for-STM32/bin/../lib/gcc/arm-none-eabi/12.3.1/thumb/v7e-m+fp/hard/crtn.o
                0x08000470                        . = ALIGN (0x4)
                0x08000470                        _etext = .

.vfp11_veneer   0x08000470        0x0
 .vfp11_veneer  0x08000470        0x0 linker stubs

.v4_bx          0x08000470        0x0
 .v4_bx         0x08000470        0x0 linker stubs

.iplt           0x08000470        0x0
 .iplt          0x08000470        0x0 C:/ST/STM32CubeCLT_1.16.0/GNU-tools-for-STM32/bin/../lib/gcc/arm-none-eabi/12.3.1/thumb/v7e-m+fp/hard/crtbegin.o

.rodata         0x08000470        0x0
                0x08000470                        . = ALIGN (0x4)
 *(.rodata)
 *(.rodata*)
                0x08000470                        . = ALIGN (0x4)

.ARM.extab      0x08000470        0x0
                0x08000470                        . = ALIGN (0x4)
 *(.ARM.extab* .gnu.linkonce.armextab.*)
                0x08000470                        . = ALIGN (0x4)

.ARM            0x08000470        0x0
                0x08000470                        . = ALIGN (0x4)
                0x08000470                        __exidx_start = .
 *(.ARM.exidx*)
                0x08000470                        __exidx_end = .
                0x08000470                        . = ALIGN (0x4)

.preinit_array  0x08000470        0x0
                0x08000470                        . = ALIGN (0x4)
                0x08000470                        PROVIDE (__preinit_array_start = .)
 *(.preinit_array*)
                0x08000470                        PROVIDE (__preinit_array_end = .)
                0x08000470                        . = ALIGN (0x4)

.init_array     0x08000470        0x8
                0x08000470                        . = ALIGN (0x4)
                0x08000470                        PROVIDE (__init_array_start = .)
 *(SORT_BY_NAME(.init_array.*))
 .init_array.00000
                0x08000470        0x4 C:/ST/STM32CubeCLT_1.16.0/GNU-tools-for-STM32/bin/../lib/gcc/arm-none-eabi/12.3.1/../../../../arm-none-eabi/lib/thumb/v7e-m+fp/hard\libc.a(libc_a-__call_atexit.o)
 *(.init_array*)
 .init_array    0x08000474        0x4 C:/ST/STM32CubeCLT_1.16.0/GNU-tools-for-STM32/bin/../lib/gcc/arm-none-eabi/12.3.1/thumb/v7e-m+fp/hard/crtbegin.o
                0x08000478                        PROVIDE (__init_array_end = .)
                0x08000478                        . = ALIGN (0x4)

.fini_array     0x08000478        0x4
                0x08000478                        . = ALIGN (0x4)
                0x08000478                        PROVIDE (__fini_array_start = .)
 *(SORT_BY_NAME(.fini_array.*))
 *(.fini_array*)
 .fini_array    0x08000478        0x4 C:/ST/STM32CubeCLT_1.16.0/GNU-tools-for-STM32/bin/../lib/gcc/arm-none-eabi/12.3.1/thumb/v7e-m+fp/hard/crtbegin.o
                0x0800047c                        PROVIDE (__fini_array_end = .)
                0x0800047c                        . = ALIGN (0x4)
                0x0800047c                        _sidata = LOADADDR (.data)

.rel.dyn        0x0800047c        0x0
 .rel.iplt      0x0800047c        0x0 C:/ST/STM32CubeCLT_1.16.0/GNU-tools-for-STM32/bin/../lib/gcc/arm-none-eabi/12.3.1/thumb/v7e-m+fp/hard/crtbegin.o

.data           0x20000000        0x4 load address 0x0800047c
                0x20000000                        . = ALIGN (0x4)
                0x20000000                        _sdata = .
 *(.data)
 *(.data*)
 .data.__atexit_recursive_mutex
                0x20000000        0x4 C:/ST/STM32CubeCLT_1.16.0/GNU-tools-for-STM32/bin/../lib/gcc/arm-none-eabi/12.3.1/../../../../arm-none-eabi/lib/thumb/v7e-m+fp/hard\libc.a(libc_a-__call_atexit.o)
                0x20000000                __atexit_recursive_mutex
 *(.RamFunc)
 *(.RamFunc*)
                0x20000004                        . = ALIGN (0x4)
                0x20000004                        _edata = .

.igot.plt       0x20000004        0x0 load address 0x08000480
 .igot.plt      0x20000004        0x0 C:/ST/STM32CubeCLT_1.16.0/GNU-tools-for-STM32/bin/../lib/gcc/arm-none-eabi/12.3.1/thumb/v7e-m+fp/hard/crtbegin.o
                0x20000004                        . = ALIGN (0x4)

.bss            0x20000004      0x1b8 load address 0x08000480
                0x20000004                        _sbss = .
                0x20000004                        __bss_start__ = _sbss
 *(.bss)
 .bss           0x20000004       0x1c C:/ST/STM32CubeCLT_1.16.0/GNU-tools-for-STM32/bin/../lib/gcc/arm-none-eabi/12.3.1/thumb/v7e-m+fp/hard/crtbegin.o
 *(.bss*)
 .bss.__lock___atexit_recursive_mutex
                0x20000020        0x1 C:/ST/STM32CubeCLT_1.16.0/GNU-tools-for-STM32/bin/../lib/gcc/arm-none-eabi/12.3.1/../../../../arm-none-eabi/lib/thumb/v7e-m+fp/hard\libc.a(libc_a-lock.o)
                0x20000020                __lock___atexit_recursive_mutex
 *fill*         0x20000021        0x3 
 .bss.__atexit  0x20000024        0x4 C:/ST/STM32CubeCLT_1.16.0/GNU-tools-for-STM32/bin/../lib/gcc/arm-none-eabi/12.3.1/../../../../arm-none-eabi/lib/thumb/v7e-m+fp/hard\libc.a(libc_a-__call_atexit.o)
                0x20000024                __atexit
 .bss.__atexit0
                0x20000028      0x190 C:/ST/STM32CubeCLT_1.16.0/GNU-tools-for-STM32/bin/../lib/gcc/arm-none-eabi/12.3.1/../../../../arm-none-eabi/lib/thumb/v7e-m+fp/hard\libc.a(libc_a-__atexit.o)
                0x20000028                __atexit0
 .bss.system_ticks
                0x200001b8        0x4 CMakeFiles/09_leds_sec-1.dir/Drivers/Src/stm32l4xx_my_systick.c.obj
 *(COMMON)
                0x200001bc                        . = ALIGN (0x4)
                0x200001bc                        _ebss = .
                0x200001bc                        __bss_end__ = _ebss

._user_heap_stack
                0x200001bc      0x604 load address 0x08000480
                0x200001c0                        . = ALIGN (0x8)
 *fill*         0x200001bc        0x4 
                [!provide]                        PROVIDE (end = .)
                0x200001c0                        PROVIDE (_end = .)
                0x200003c0                        . = (. + _Min_Heap_Size)
 *fill*         0x200001c0      0x200 
                0x200007c0                        . = (. + _Min_Stack_Size)
 *fill*         0x200003c0      0x400 
                0x200007c0                        . = ALIGN (0x8)

/DISCARD/
 libc.a(*)
 libm.a(*)
 libgcc.a(*)

.ARM.attributes
                0x00000000       0x30
 *(.ARM.attributes)
 .ARM.attributes
                0x00000000       0x22 C:/ST/STM32CubeCLT_1.16.0/GNU-tools-for-STM32/bin/../lib/gcc/arm-none-eabi/12.3.1/thumb/v7e-m+fp/hard/crti.o
 .ARM.attributes
                0x00000022       0x34 C:/ST/STM32CubeCLT_1.16.0/GNU-tools-for-STM32/bin/../lib/gcc/arm-none-eabi/12.3.1/thumb/v7e-m+fp/hard/crtbegin.o
 .ARM.attributes
                0x00000056       0x34 C:/ST/STM32CubeCLT_1.16.0/GNU-tools-for-STM32/bin/../lib/gcc/arm-none-eabi/12.3.1/../../../../arm-none-eabi/lib/thumb/v7e-m+fp/hard\libc.a(libc_a-init.o)
 .ARM.attributes
                0x0000008a       0x34 C:/ST/STM32CubeCLT_1.16.0/GNU-tools-for-STM32/bin/../lib/gcc/arm-none-eabi/12.3.1/../../../../arm-none-eabi/lib/thumb/v7e-m+fp/hard\libc.a(libc_a-lock.o)
 .ARM.attributes
                0x000000be       0x34 C:/ST/STM32CubeCLT_1.16.0/GNU-tools-for-STM32/bin/../lib/gcc/arm-none-eabi/12.3.1/../../../../arm-none-eabi/lib/thumb/v7e-m+fp/hard\libc.a(libc_a-__call_atexit.o)
 .ARM.attributes
                0x000000f2       0x34 C:/ST/STM32CubeCLT_1.16.0/GNU-tools-for-STM32/bin/../lib/gcc/arm-none-eabi/12.3.1/../../../../arm-none-eabi/lib/thumb/v7e-m+fp/hard\libc.a(libc_a-atexit.o)
 .ARM.attributes
                0x00000126       0x34 C:/ST/STM32CubeCLT_1.16.0/GNU-tools-for-STM32/bin/../lib/gcc/arm-none-eabi/12.3.1/../../../../arm-none-eabi/lib/thumb/v7e-m+fp/hard\libc.a(libc_a-fini.o)
 .ARM.attributes
                0x0000015a       0x34 C:/ST/STM32CubeCLT_1.16.0/GNU-tools-for-STM32/bin/../lib/gcc/arm-none-eabi/12.3.1/../../../../arm-none-eabi/lib/thumb/v7e-m+fp/hard\libc.a(libc_a-__atexit.o)
 .ARM.attributes
                0x0000018e       0x34 CMakeFiles/09_leds_sec-1.dir/Core/Src/main.c.obj
 .ARM.attributes
                0x000001c2       0x21 CMakeFiles/09_leds_sec-1.dir/Startup/startup_stm32l476rgtx.s.obj
 .ARM.attributes
                0x000001e3       0x34 CMakeFiles/09_leds_sec-1.dir/Drivers/Src/stm32l4xx_my_rcc.c.obj
 .ARM.attributes
                0x00000217       0x34 CMakeFiles/09_leds_sec-1.dir/Drivers/Src/stm32l4xx_my_systick.c.obj
 .ARM.attributes
                0x0000024b       0x34 CMakeFiles/09_leds_sec-1.dir/Drivers/Src/stm32l4xx_my_gpio.c.obj
 .ARM.attributes
                0x0000027f       0x22 C:/ST/STM32CubeCLT_1.16.0/GNU-tools-for-STM32/bin/../lib/gcc/arm-none-eabi/12.3.1/thumb/v7e-m+fp/hard/crtn.o
OUTPUT(09_leds_sec-1.elf elf32-littlearm)
LOAD linker stubs
LOAD C:/ST/STM32CubeCLT_1.16.0/GNU-tools-for-STM32/bin/../lib/gcc/arm-none-eabi/12.3.1/../../../../arm-none-eabi/lib/thumb/v7e-m+fp/hard\libc.a
LOAD C:/ST/STM32CubeCLT_1.16.0/GNU-tools-for-STM32/bin/../lib/gcc/arm-none-eabi/12.3.1/../../../../arm-none-eabi/lib/thumb/v7e-m+fp/hard\libm.a
LOAD C:/ST/STM32CubeCLT_1.16.0/GNU-tools-for-STM32/bin/../lib/gcc/arm-none-eabi/12.3.1/thumb/v7e-m+fp/hard\libgcc.a

.debug_frame    0x00000000      0x31c
 .debug_frame   0x00000000       0x2c C:/ST/STM32CubeCLT_1.16.0/GNU-tools-for-STM32/bin/../lib/gcc/arm-none-eabi/12.3.1/../../../../arm-none-eabi/lib/thumb/v7e-m+fp/hard\libc.a(libc_a-init.o)
 .debug_frame   0x0000002c       0xb0 C:/ST/STM32CubeCLT_1.16.0/GNU-tools-for-STM32/bin/../lib/gcc/arm-none-eabi/12.3.1/../../../../arm-none-eabi/lib/thumb/v7e-m+fp/hard\libc.a(libc_a-lock.o)
 .debug_frame   0x000000dc       0x58 C:/ST/STM32CubeCLT_1.16.0/GNU-tools-for-STM32/bin/../lib/gcc/arm-none-eabi/12.3.1/../../../../arm-none-eabi/lib/thumb/v7e-m+fp/hard\libc.a(libc_a-__call_atexit.o)
 .debug_frame   0x00000134       0x20 C:/ST/STM32CubeCLT_1.16.0/GNU-tools-for-STM32/bin/../lib/gcc/arm-none-eabi/12.3.1/../../../../arm-none-eabi/lib/thumb/v7e-m+fp/hard\libc.a(libc_a-atexit.o)
 .debug_frame   0x00000154       0x38 C:/ST/STM32CubeCLT_1.16.0/GNU-tools-for-STM32/bin/../lib/gcc/arm-none-eabi/12.3.1/../../../../arm-none-eabi/lib/thumb/v7e-m+fp/hard\libc.a(libc_a-fini.o)
 .debug_frame   0x0000018c       0x34 C:/ST/STM32CubeCLT_1.16.0/GNU-tools-for-STM32/bin/../lib/gcc/arm-none-eabi/12.3.1/../../../../arm-none-eabi/lib/thumb/v7e-m+fp/hard\libc.a(libc_a-__atexit.o)
 .debug_frame   0x000001c0       0x50 CMakeFiles/09_leds_sec-1.dir/Core/Src/main.c.obj
 .debug_frame   0x00000210       0x30 CMakeFiles/09_leds_sec-1.dir/Drivers/Src/stm32l4xx_my_rcc.c.obj
 .debug_frame   0x00000240       0x5c CMakeFiles/09_leds_sec-1.dir/Drivers/Src/stm32l4xx_my_systick.c.obj
 .debug_frame   0x0000029c       0x80 CMakeFiles/09_leds_sec-1.dir/Drivers/Src/stm32l4xx_my_gpio.c.obj

.debug_info     0x00000000      0x75e
 .debug_info    0x00000000      0x30a CMakeFiles/09_leds_sec-1.dir/Core/Src/main.c.obj
 .debug_info    0x0000030a       0x30 CMakeFiles/09_leds_sec-1.dir/Startup/startup_stm32l476rgtx.s.obj
 .debug_info    0x0000033a       0xcb CMakeFiles/09_leds_sec-1.dir/Drivers/Src/stm32l4xx_my_rcc.c.obj
 .debug_info    0x00000405      0x13e CMakeFiles/09_leds_sec-1.dir/Drivers/Src/stm32l4xx_my_systick.c.obj
 .debug_info    0x00000543      0x21b CMakeFiles/09_leds_sec-1.dir/Drivers/Src/stm32l4xx_my_gpio.c.obj

.debug_abbrev   0x00000000      0x3ba
 .debug_abbrev  0x00000000      0x138 CMakeFiles/09_leds_sec-1.dir/Core/Src/main.c.obj
 .debug_abbrev  0x00000138       0x24 CMakeFiles/09_leds_sec-1.dir/Startup/startup_stm32l476rgtx.s.obj
 .debug_abbrev  0x0000015c       0x82 CMakeFiles/09_leds_sec-1.dir/Drivers/Src/stm32l4xx_my_rcc.c.obj
 .debug_abbrev  0x000001de       0xed CMakeFiles/09_leds_sec-1.dir/Drivers/Src/stm32l4xx_my_systick.c.obj
 .debug_abbrev  0x000002cb       0xef CMakeFiles/09_leds_sec-1.dir/Drivers/Src/stm32l4xx_my_gpio.c.obj

.debug_aranges  0x00000000      0x108
 .debug_aranges
                0x00000000       0x30 CMakeFiles/09_leds_sec-1.dir/Core/Src/main.c.obj
 .debug_aranges
                0x00000030       0x28 CMakeFiles/09_leds_sec-1.dir/Startup/startup_stm32l476rgtx.s.obj
 .debug_aranges
                0x00000058       0x28 CMakeFiles/09_leds_sec-1.dir/Drivers/Src/stm32l4xx_my_rcc.c.obj
 .debug_aranges
                0x00000080       0x38 CMakeFiles/09_leds_sec-1.dir/Drivers/Src/stm32l4xx_my_systick.c.obj
 .debug_aranges
                0x000000b8       0x50 CMakeFiles/09_leds_sec-1.dir/Drivers/Src/stm32l4xx_my_gpio.c.obj

.debug_rnglists
                0x00000000       0xae
 .debug_rnglists
                0x00000000       0x20 CMakeFiles/09_leds_sec-1.dir/Core/Src/main.c.obj
 .debug_rnglists
                0x00000020       0x19 CMakeFiles/09_leds_sec-1.dir/Startup/startup_stm32l476rgtx.s.obj
 .debug_rnglists
                0x00000039       0x19 CMakeFiles/09_leds_sec-1.dir/Drivers/Src/stm32l4xx_my_rcc.c.obj
 .debug_rnglists
                0x00000052       0x25 CMakeFiles/09_leds_sec-1.dir/Drivers/Src/stm32l4xx_my_systick.c.obj
 .debug_rnglists
                0x00000077       0x37 CMakeFiles/09_leds_sec-1.dir/Drivers/Src/stm32l4xx_my_gpio.c.obj

.debug_macro    0x00000000     0x117d
 .debug_macro   0x00000000       0xa2 CMakeFiles/09_leds_sec-1.dir/Core/Src/main.c.obj
 .debug_macro   0x000000a2      0xaa8 CMakeFiles/09_leds_sec-1.dir/Core/Src/main.c.obj
 .debug_macro   0x00000b4a       0x22 CMakeFiles/09_leds_sec-1.dir/Core/Src/main.c.obj
 .debug_macro   0x00000b6c       0x8e CMakeFiles/09_leds_sec-1.dir/Core/Src/main.c.obj
 .debug_macro   0x00000bfa       0x51 CMakeFiles/09_leds_sec-1.dir/Core/Src/main.c.obj
 .debug_macro   0x00000c4b      0x103 CMakeFiles/09_leds_sec-1.dir/Core/Src/main.c.obj
 .debug_macro   0x00000d4e       0x6a CMakeFiles/09_leds_sec-1.dir/Core/Src/main.c.obj
 .debug_macro   0x00000db8      0x1df CMakeFiles/09_leds_sec-1.dir/Core/Src/main.c.obj
 .debug_macro   0x00000f97       0x28 CMakeFiles/09_leds_sec-1.dir/Core/Src/main.c.obj
 .debug_macro   0x00000fbf       0x34 CMakeFiles/09_leds_sec-1.dir/Core/Src/main.c.obj
 .debug_macro   0x00000ff3       0x46 CMakeFiles/09_leds_sec-1.dir/Core/Src/main.c.obj
 .debug_macro   0x00001039       0x6c CMakeFiles/09_leds_sec-1.dir/Drivers/Src/stm32l4xx_my_rcc.c.obj
 .debug_macro   0x000010a5       0x6c CMakeFiles/09_leds_sec-1.dir/Drivers/Src/stm32l4xx_my_systick.c.obj
 .debug_macro   0x00001111       0x6c CMakeFiles/09_leds_sec-1.dir/Drivers/Src/stm32l4xx_my_gpio.c.obj

.debug_line     0x00000000     0x1040
 .debug_line    0x00000000      0x41a CMakeFiles/09_leds_sec-1.dir/Core/Src/main.c.obj
 .debug_line    0x0000041a       0x7b CMakeFiles/09_leds_sec-1.dir/Startup/startup_stm32l476rgtx.s.obj
 .debug_line    0x00000495      0x378 CMakeFiles/09_leds_sec-1.dir/Drivers/Src/stm32l4xx_my_rcc.c.obj
 .debug_line    0x0000080d      0x3f4 CMakeFiles/09_leds_sec-1.dir/Drivers/Src/stm32l4xx_my_systick.c.obj
 .debug_line    0x00000c01      0x43f CMakeFiles/09_leds_sec-1.dir/Drivers/Src/stm32l4xx_my_gpio.c.obj

.debug_str      0x00000000     0x43cb
 .debug_str     0x00000000     0x4120 CMakeFiles/09_leds_sec-1.dir/Core/Src/main.c.obj
                               0x4284 (size before relaxing)
 .debug_str     0x00004120       0x98 CMakeFiles/09_leds_sec-1.dir/Startup/startup_stm32l476rgtx.s.obj
                                0x100 (size before relaxing)
 .debug_str     0x000041b8       0x96 CMakeFiles/09_leds_sec-1.dir/Drivers/Src/stm32l4xx_my_rcc.c.obj
                               0x3e75 (size before relaxing)
 .debug_str     0x0000424e       0xc7 CMakeFiles/09_leds_sec-1.dir/Drivers/Src/stm32l4xx_my_systick.c.obj
                               0x3f3d (size before relaxing)
 .debug_str     0x00004315       0xb6 CMakeFiles/09_leds_sec-1.dir/Drivers/Src/stm32l4xx_my_gpio.c.obj
                               0x3fc0 (size before relaxing)

.comment        0x00000000       0x43
 .comment       0x00000000       0x43 CMakeFiles/09_leds_sec-1.dir/Core/Src/main.c.obj
                                 0x44 (size before relaxing)
 .comment       0x00000043       0x44 CMakeFiles/09_leds_sec-1.dir/Drivers/Src/stm32l4xx_my_rcc.c.obj
 .comment       0x00000043       0x44 CMakeFiles/09_leds_sec-1.dir/Drivers/Src/stm32l4xx_my_systick.c.obj
 .comment       0x00000043       0x44 CMakeFiles/09_leds_sec-1.dir/Drivers/Src/stm32l4xx_my_gpio.c.obj

.debug_line_str
                0x00000000       0xe4
 .debug_line_str
                0x00000000       0xe4 CMakeFiles/09_leds_sec-1.dir/Startup/startup_stm32l476rgtx.s.obj

.debug_loclists
                0x00000000       0xbd
 .debug_loclists
                0x00000000       0x4a CMakeFiles/09_leds_sec-1.dir/Drivers/Src/stm32l4xx_my_systick.c.obj
 .debug_loclists
                0x0000004a       0x73 CMakeFiles/09_leds_sec-1.dir/Drivers/Src/stm32l4xx_my_gpio.c.obj
